// Jest Snapshot v1, https://goo.gl/fbAQLP

exports[`should render Header correctly 1`] = `
<header>
  <h1>
    Expensify
  </h1>
  <div>
    <NavLink
      activeClassName="current-link"
      ariaCurrent="true"
      exact={true}
      to="/"
    >
      Dashboard
    </NavLink>
       
    <NavLink
      activeClassName="current-link"
      ariaCurrent="true"
      to="/create"
    >
      New Expense
    </NavLink>
       
    <NavLink
      activeClassName="current-link"
      ariaCurrent="true"
      to="/help"
    >
      Help
    </NavLink>
       
    <p />
  </div>
</header>
`;
