// Jest Snapshot v1, https://goo.gl/fbAQLP

exports[`should render LoginPage correctly 1`] = `
<div>
  <form
    onSubmit={[Function]}
  >
    <div>
      <input
        autoFocus={true}
        placeholder="Username"
        type="text"
      />
    </div>
    <div>
      <input
        placeholder="Password"
        type="text"
      />
    </div>
    <button>
      Log In
    </button>
  </form>
</div>
`;
